\BOOKMARK [0][-]{section*.1}{\376\377\000A\000c\000k\000n\000o\000w\000l\000e\000d\000g\000m\000e\000n\000t\000s}{}% 1
\BOOKMARK [0][-]{section*.3}{\376\377\000R\000\351\000s\000u\000m\000\351}{}% 2
\BOOKMARK [0][-]{section*.5}{\376\377\000A\000b\000s\000t\000r\000a\000c\000t}{}% 3
\BOOKMARK [0][-]{section*.7}{\376\377\000M\000u\000l\000a\000k\000h\000k\000h\000a\000s}{}% 4
\BOOKMARK [0][-]{section*.9}{\376\377\000L\000i\000s\000t\000\040\000o\000f\000\040\000F\000i\000g\000u\000r\000e\000s}{}% 5
\BOOKMARK [0][-]{section*.11}{\376\377\000L\000i\000s\000t\000\040\000o\000f\000\040\000T\000a\000b\000l\000e\000s}{}% 6
\BOOKMARK [0][-]{section*.13}{\376\377\000L\000i\000s\000t\000\040\000o\000f\000\040\000A\000b\000b\000r\000e\000v\000i\000a\000t\000i\000o\000n\000s}{}% 7
\BOOKMARK [0][-]{chapter*.15}{\376\377\000G\000e\000n\000e\000r\000a\000l\000\040\000I\000n\000t\000r\000o\000d\000u\000c\000t\000i\000o\000n}{}% 8
\BOOKMARK [0][-]{chapter.1}{\376\377\000S\000t\000a\000t\000e\000\040\000o\000f\000\040\000t\000h\000e\000\040\000A\000r\000t\000\040\000a\000n\000d\000\040\000C\000o\000r\000e\000\040\000C\000o\000n\000c\000e\000p\000t\000s}{}% 9
\BOOKMARK [1][-]{section.1.1}{\376\377\000T\000h\000e\000\040\000A\000l\000g\000e\000r\000i\000a\000n\000\040\000M\000o\000b\000i\000l\000e\000\040\000T\000e\000l\000e\000c\000o\000m\000m\000u\000n\000i\000c\000a\000t\000i\000o\000n\000s\000\040\000M\000a\000r\000k\000e\000t}{chapter.1}% 10
\BOOKMARK [2][-]{subsection.1.1.1}{\376\377\000M\000a\000r\000k\000e\000t\000\040\000O\000v\000e\000r\000v\000i\000e\000w\000\040\000a\000n\000d\000\040\000K\000e\000y\000\040\000F\000i\000g\000u\000r\000e\000s}{section.1.1}% 11
\BOOKMARK [2][-]{subsection.1.1.2}{\376\377\000O\000f\000f\000e\000r\000\040\000C\000o\000m\000p\000l\000e\000x\000i\000t\000y\000\040\000a\000n\000d\000\040\000t\000h\000e\000\040\000C\000o\000n\000s\000u\000m\000e\000r\000\040\000D\000e\000c\000i\000s\000i\000o\000n\000\040\000P\000r\000o\000b\000l\000e\000m}{section.1.1}% 12
\BOOKMARK [1][-]{section.1.2}{\376\377\000E\000x\000i\000s\000t\000i\000n\000g\000\040\000C\000o\000m\000p\000a\000r\000i\000s\000o\000n\000\040\000P\000l\000a\000t\000f\000o\000r\000m\000s}{chapter.1}% 13
\BOOKMARK [2][-]{subsection.1.2.1}{\376\377\000I\000n\000t\000e\000r\000n\000a\000t\000i\000o\000n\000a\000l\000\040\000B\000e\000n\000c\000h\000m\000a\000r\000k\000s}{section.1.2}% 14
\BOOKMARK [2][-]{subsection.1.2.2}{\376\377\000G\000a\000p\000\040\000A\000n\000a\000l\000y\000s\000i\000s\000\040\000f\000o\000r\000\040\000A\000l\000g\000e\000r\000i\000a}{section.1.2}% 15
\BOOKMARK [1][-]{section.1.3}{\376\377\000W\000e\000b\000\040\000D\000a\000t\000a\000\040\000A\000g\000g\000r\000e\000g\000a\000t\000i\000o\000n}{chapter.1}% 16
\BOOKMARK [2][-]{subsection.1.3.1}{\376\377\000S\000t\000a\000t\000i\000c\000\040\000v\000s\000.\000\040\000D\000y\000n\000a\000m\000i\000c\000\040\000S\000c\000r\000a\000p\000i\000n\000g}{section.1.3}% 17
\BOOKMARK [2][-]{subsection.1.3.2}{\376\377\000D\000a\000t\000a\000\040\000N\000o\000r\000m\000a\000l\000i\000s\000a\000t\000i\000o\000n}{section.1.3}% 18
\BOOKMARK [2][-]{subsection.1.3.3}{\376\377\000L\000e\000g\000a\000l\000\040\000a\000n\000d\000\040\000E\000t\000h\000i\000c\000a\000l\000\040\000C\000o\000n\000s\000i\000d\000e\000r\000a\000t\000i\000o\000n\000s}{section.1.3}% 19
\BOOKMARK [1][-]{section.1.4}{\376\377\000R\000e\000c\000o\000m\000m\000e\000n\000d\000a\000t\000i\000o\000n\000\040\000S\000y\000s\000t\000e\000m\000s}{chapter.1}% 20
\BOOKMARK [2][-]{subsection.1.4.1}{\376\377\000C\000l\000a\000s\000s\000i\000f\000i\000c\000a\000t\000i\000o\000n\000\040\000o\000f\000\040\000R\000e\000c\000o\000m\000m\000e\000n\000d\000a\000t\000i\000o\000n\000\040\000A\000p\000p\000r\000o\000a\000c\000h\000e\000s}{section.1.4}% 21
\BOOKMARK [2][-]{subsection.1.4.2}{\376\377\000S\000c\000o\000r\000i\000n\000g\000-\000B\000a\000s\000e\000d\000\040\000R\000e\000c\000o\000m\000m\000e\000n\000d\000a\000t\000i\000o\000n\000\040\000f\000o\000r\000\040\000P\000l\000a\000n\000\040\000S\000e\000l\000e\000c\000t\000i\000o\000n}{section.1.4}% 22
\BOOKMARK [1][-]{section.1.5}{\376\377\000M\000o\000d\000e\000r\000n\000\040\000W\000e\000b\000\040\000S\000t\000a\000c\000k\000\040\000O\000v\000e\000r\000v\000i\000e\000w}{chapter.1}% 23
\BOOKMARK [2][-]{subsection.1.5.1}{\376\377\000N\000e\000x\000t\000.\000j\000s\000\040\000a\000n\000d\000\040\000t\000h\000e\000\040\000A\000p\000p\000\040\000R\000o\000u\000t\000e\000r}{section.1.5}% 24
\BOOKMARK [2][-]{subsection.1.5.2}{\376\377\000P\000r\000i\000s\000m\000a\000\040\000O\000R\000M}{section.1.5}% 25
\BOOKMARK [2][-]{subsection.1.5.3}{\376\377\000S\000Q\000L\000i\000t\000e\000\040\000a\000s\000\040\000t\000h\000e\000\040\000D\000a\000t\000a\000\040\000S\000t\000o\000r\000e}{section.1.5}% 26
\BOOKMARK [1][-]{section.1.6}{\376\377\000P\000o\000s\000i\000t\000i\000o\000n\000i\000n\000g\000\040\000o\000f\000\040\000T\000h\000i\000s\000\040\000W\000o\000r\000k}{chapter.1}% 27
\BOOKMARK [0][-]{chapter.2}{\376\377\000R\000e\000q\000u\000i\000r\000e\000m\000e\000n\000t\000s\000\040\000A\000n\000a\000l\000y\000s\000i\000s\000\040\000a\000n\000d\000\040\000S\000y\000s\000t\000e\000m\000\040\000D\000e\000s\000i\000g\000n}{}% 28
\BOOKMARK [1][-]{section.2.1}{\376\377\000R\000e\000q\000u\000i\000r\000e\000m\000e\000n\000t\000s\000\040\000G\000a\000t\000h\000e\000r\000i\000n\000g}{chapter.2}% 29
\BOOKMARK [2][-]{subsection.2.1.1}{\376\377\000M\000e\000t\000h\000o\000d\000o\000l\000o\000g\000y}{section.2.1}% 30
\BOOKMARK [2][-]{subsection.2.1.2}{\376\377\000F\000u\000n\000c\000t\000i\000o\000n\000a\000l\000\040\000R\000e\000q\000u\000i\000r\000e\000m\000e\000n\000t\000s}{section.2.1}% 31
\BOOKMARK [2][-]{subsection.2.1.3}{\376\377\000N\000o\000n\000-\000F\000u\000n\000c\000t\000i\000o\000n\000a\000l\000\040\000R\000e\000q\000u\000i\000r\000e\000m\000e\000n\000t\000s}{section.2.1}% 32
\BOOKMARK [1][-]{section.2.2}{\376\377\000S\000y\000s\000t\000e\000m\000\040\000A\000c\000t\000o\000r\000s}{chapter.2}% 33
\BOOKMARK [1][-]{section.2.3}{\376\377\000U\000M\000L\000\040\000U\000s\000e\000\040\000C\000a\000s\000e\000\040\000D\000i\000a\000g\000r\000a\000m\000s}{chapter.2}% 34
\BOOKMARK [1][-]{section.2.4}{\376\377\000U\000M\000L\000\040\000A\000c\000t\000i\000v\000i\000t\000y\000\040\000a\000n\000d\000\040\000S\000e\000q\000u\000e\000n\000c\000e\000\040\000D\000i\000a\000g\000r\000a\000m\000s}{chapter.2}% 35
\BOOKMARK [2][-]{subsection.2.4.1}{\376\377\000S\000c\000r\000a\000p\000i\000n\000g\000\040\000P\000i\000p\000e\000l\000i\000n\000e\000\040\000A\000c\000t\000i\000v\000i\000t\000y\000\040\000D\000i\000a\000g\000r\000a\000m}{section.2.4}% 36
\BOOKMARK [2][-]{subsection.2.4.2}{\376\377\000R\000e\000c\000o\000m\000m\000e\000n\000d\000a\000t\000i\000o\000n\000\040\000R\000e\000q\000u\000e\000s\000t\000\040\000S\000e\000q\000u\000e\000n\000c\000e\000\040\000D\000i\000a\000g\000r\000a\000m}{section.2.4}% 37
\BOOKMARK [1][-]{section.2.5}{\376\377\000D\000a\000t\000a\000\040\000M\000o\000d\000e\000l}{chapter.2}% 38
\BOOKMARK [2][-]{subsection.2.5.1}{\376\377\000C\000o\000n\000c\000e\000p\000t\000u\000a\000l\000\040\000S\000c\000h\000e\000m\000a}{section.2.5}% 39
\BOOKMARK [2][-]{subsection.2.5.2}{\376\377\000P\000r\000i\000s\000m\000a\000\040\000S\000c\000h\000e\000m\000a\000\040\000D\000e\000s\000c\000r\000i\000p\000t\000i\000o\000n}{section.2.5}% 40
\BOOKMARK [1][-]{section.2.6}{\376\377\000S\000y\000s\000t\000e\000m\000\040\000A\000r\000c\000h\000i\000t\000e\000c\000t\000u\000r\000e}{chapter.2}% 41
\BOOKMARK [2][-]{subsection.2.6.1}{\376\377\000T\000h\000r\000e\000e\000-\000T\000i\000e\000r\000\040\000A\000r\000c\000h\000i\000t\000e\000c\000t\000u\000r\000e}{section.2.6}% 42
\BOOKMARK [2][-]{subsection.2.6.2}{\376\377\000A\000P\000I\000\040\000R\000o\000u\000t\000e\000\040\000M\000a\000p}{section.2.6}% 43
\BOOKMARK [1][-]{section.2.7}{\376\377\000U\000I\000/\000U\000X\000\040\000D\000e\000s\000i\000g\000n}{chapter.2}% 44
\BOOKMARK [2][-]{subsection.2.7.1}{\376\377\000D\000e\000s\000i\000g\000n\000\040\000P\000r\000i\000n\000c\000i\000p\000l\000e\000s}{section.2.7}% 45
\BOOKMARK [2][-]{subsection.2.7.2}{\376\377\000K\000e\000y\000\040\000I\000n\000t\000e\000r\000f\000a\000c\000e\000\040\000S\000c\000r\000e\000e\000n\000s}{section.2.7}% 46
\BOOKMARK [1][-]{section.2.8}{\376\377\000T\000e\000c\000h\000n\000o\000l\000o\000g\000y\000\040\000S\000t\000a\000c\000k\000\040\000J\000u\000s\000t\000i\000f\000i\000c\000a\000t\000i\000o\000n}{chapter.2}% 47
\BOOKMARK [0][-]{chapter.3}{\376\377\000S\000y\000s\000t\000e\000m\000\040\000I\000m\000p\000l\000e\000m\000e\000n\000t\000a\000t\000i\000o\000n}{}% 48
\BOOKMARK [1][-]{section.3.1}{\376\377\000D\000e\000v\000e\000l\000o\000p\000m\000e\000n\000t\000\040\000E\000n\000v\000i\000r\000o\000n\000m\000e\000n\000t}{chapter.3}% 49
\BOOKMARK [1][-]{section.3.2}{\376\377\000D\000a\000t\000a\000\040\000A\000g\000g\000r\000e\000g\000a\000t\000i\000o\000n\000\040\000M\000o\000d\000u\000l\000e}{chapter.3}% 50
\BOOKMARK [2][-]{subsection.3.2.1}{\376\377\000S\000c\000r\000a\000p\000e\000r\000\040\000A\000r\000c\000h\000i\000t\000e\000c\000t\000u\000r\000e}{section.3.2}% 51
\BOOKMARK [2][-]{subsection.3.2.2}{\376\377\000S\000c\000r\000a\000p\000i\000n\000g\000\040\000A\000l\000g\000o\000r\000i\000t\000h\000m}{section.3.2}% 52
\BOOKMARK [2][-]{subsection.3.2.3}{\376\377\000D\000a\000t\000a\000\040\000N\000o\000r\000m\000a\000l\000i\000s\000a\000t\000i\000o\000n\000\040\000P\000i\000p\000e\000l\000i\000n\000e}{section.3.2}% 53
\BOOKMARK [2][-]{subsection.3.2.4}{\376\377\000C\000r\000o\000n\000\040\000A\000u\000t\000o\000m\000a\000t\000i\000o\000n}{section.3.2}% 54
\BOOKMARK [1][-]{section.3.3}{\376\377\000B\000a\000c\000k\000e\000n\000d\000\040\040\024\000\040\000R\000E\000S\000T\000\040\000A\000P\000I}{chapter.3}% 55
\BOOKMARK [2][-]{subsection.3.3.1}{\376\377\000A\000P\000I\000\040\000R\000o\000u\000t\000e\000\040\000S\000t\000r\000u\000c\000t\000u\000r\000e}{section.3.3}% 56
\BOOKMARK [2][-]{subsection.3.3.2}{\376\377\000C\000r\000o\000s\000s\000-\000O\000p\000e\000r\000a\000t\000o\000r\000\040\000C\000o\000m\000p\000a\000r\000i\000s\000o\000n\000\040\000R\000o\000u\000t\000i\000n\000g}{section.3.3}% 57
\BOOKMARK [2][-]{subsection.3.3.3}{\376\377\000A\000u\000t\000h\000e\000n\000t\000i\000c\000a\000t\000i\000o\000n}{section.3.3}% 58
\BOOKMARK [1][-]{section.3.4}{\376\377\000R\000e\000c\000o\000m\000m\000e\000n\000d\000a\000t\000i\000o\000n\000\040\000E\000n\000g\000i\000n\000e}{chapter.3}% 59
\BOOKMARK [2][-]{subsection.3.4.1}{\376\377\000S\000c\000o\000r\000i\000n\000g\000\040\000M\000o\000d\000e\000l}{section.3.4}% 60
\BOOKMARK [2][-]{subsection.3.4.2}{\376\377\000R\000e\000c\000o\000m\000m\000e\000n\000d\000a\000t\000i\000o\000n\000\040\000A\000l\000g\000o\000r\000i\000t\000h\000m}{section.3.4}% 61
\BOOKMARK [2][-]{subsection.3.4.3}{\376\377\000T\000r\000i\000g\000g\000e\000r\000i\000n\000g\000\040\000R\000e\000c\000o\000m\000m\000e\000n\000d\000a\000t\000i\000o\000n\000s}{section.3.4}% 62
\BOOKMARK [1][-]{section.3.5}{\376\377\000F\000r\000o\000n\000t\000e\000n\000d\000\040\040\024\000\040\000K\000e\000y\000\040\000I\000n\000t\000e\000r\000f\000a\000c\000e\000s}{chapter.3}% 63
\BOOKMARK [2][-]{subsection.3.5.1}{\376\377\000H\000o\000m\000e\000\040\000P\000a\000g\000e\000\040\000a\000n\000d\000\040\000O\000f\000f\000e\000r\000\040\000B\000r\000o\000w\000s\000i\000n\000g}{section.3.5}% 64
\BOOKMARK [2][-]{subsection.3.5.2}{\376\377\000O\000f\000f\000e\000r\000s\000\040\000P\000a\000g\000e}{section.3.5}% 65
\BOOKMARK [2][-]{subsection.3.5.3}{\376\377\000C\000o\000m\000p\000a\000r\000i\000s\000o\000n\000\040\000P\000a\000g\000e}{section.3.5}% 66
\BOOKMARK [2][-]{subsection.3.5.4}{\376\377\000R\000e\000c\000o\000m\000m\000e\000n\000d\000a\000t\000i\000o\000n\000s\000\040\000P\000a\000g\000e}{section.3.5}% 67
\BOOKMARK [2][-]{subsection.3.5.5}{\376\377\000L\000o\000g\000i\000n\000\040\000a\000n\000d\000\040\000R\000e\000g\000i\000s\000t\000r\000a\000t\000i\000o\000n}{section.3.5}% 68
\BOOKMARK [2][-]{subsection.3.5.6}{\376\377\000A\000d\000m\000i\000n\000\040\000D\000a\000s\000h\000b\000o\000a\000r\000d}{section.3.5}% 69
\BOOKMARK [1][-]{section.3.6}{\376\377\000S\000e\000c\000u\000r\000i\000t\000y}{chapter.3}% 70
\BOOKMARK [2][-]{subsection.3.6.1}{\376\377\000A\000u\000t\000h\000e\000n\000t\000i\000c\000a\000t\000i\000o\000n\000\040\000a\000n\000d\000\040\000S\000e\000s\000s\000i\000o\000n\000\040\000M\000a\000n\000a\000g\000e\000m\000e\000n\000t}{section.3.6}% 71
\BOOKMARK [2][-]{subsection.3.6.2}{\376\377\000P\000a\000s\000s\000w\000o\000r\000d\000\040\000S\000t\000o\000r\000a\000g\000e}{section.3.6}% 72
\BOOKMARK [2][-]{subsection.3.6.3}{\376\377\000R\000o\000l\000e\000-\000B\000a\000s\000e\000d\000\040\000A\000c\000c\000e\000s\000s\000\040\000C\000o\000n\000t\000r\000o\000l}{section.3.6}% 73
\BOOKMARK [2][-]{subsection.3.6.4}{\376\377\000I\000n\000p\000u\000t\000\040\000V\000a\000l\000i\000d\000a\000t\000i\000o\000n\000\040\000a\000n\000d\000\040\000I\000n\000j\000e\000c\000t\000i\000o\000n\000\040\000P\000r\000e\000v\000e\000n\000t\000i\000o\000n}{section.3.6}% 74
\BOOKMARK [1][-]{section.3.7}{\376\377\000D\000e\000p\000l\000o\000y\000m\000e\000n\000t}{chapter.3}% 75
\BOOKMARK [0][-]{chapter.4}{\376\377\000E\000v\000a\000l\000u\000a\000t\000i\000o\000n\000\040\000a\000n\000d\000\040\000D\000o\000c\000u\000m\000e\000n\000t\000a\000t\000i\000o\000n}{}% 76
\BOOKMARK [1][-]{section.4.1}{\376\377\000C\000o\000m\000p\000a\000r\000i\000s\000o\000n\000\040\000w\000i\000t\000h\000\040\000O\000b\000j\000e\000c\000t\000i\000v\000e\000s}{chapter.4}% 77
\BOOKMARK [1][-]{section.4.2}{\376\377\000L\000i\000m\000i\000t\000a\000t\000i\000o\000n\000s}{chapter.4}% 78
\BOOKMARK [1][-]{section.4.3}{\376\377\000P\000e\000r\000s\000p\000e\000c\000t\000i\000v\000e\000s}{chapter.4}% 79
\BOOKMARK [1][-]{section.4.4}{\376\377\000D\000o\000c\000u\000m\000e\000n\000t\000a\000t\000i\000o\000n}{chapter.4}% 80
\BOOKMARK [2][-]{subsection.4.4.1}{\376\377\000U\000s\000e\000r\000\040\000G\000u\000i\000d\000e}{section.4.4}% 81
\BOOKMARK [2][-]{subsection.4.4.2}{\376\377\000A\000d\000m\000i\000n\000i\000s\000t\000r\000a\000t\000o\000r\000\040\000M\000a\000n\000u\000a\000l}{section.4.4}% 82
\BOOKMARK [2][-]{subsection.4.4.3}{\376\377\000A\000P\000I\000\040\000R\000e\000f\000e\000r\000e\000n\000c\000e}{section.4.4}% 83
\BOOKMARK [0][-]{chapter*.43}{\376\377\000G\000e\000n\000e\000r\000a\000l\000\040\000C\000o\000n\000c\000l\000u\000s\000i\000o\000n\000\040\000a\000n\000d\000\040\000P\000e\000r\000s\000p\000e\000c\000t\000i\000v\000e\000s}{}% 84
\BOOKMARK [0][-]{chapter*.44}{\376\377\000B\000i\000b\000l\000i\000o\000g\000r\000a\000p\000h\000i\000c\000\040\000R\000e\000f\000e\000r\000e\000n\000c\000e\000s}{}% 85
\BOOKMARK [0][-]{chapter.A}{\376\377\000U\000M\000L\000\040\000D\000i\000a\000g\000r\000a\000m\000s}{}% 86
\BOOKMARK [0][-]{chapter.B}{\376\377\000D\000a\000t\000a\000\040\000M\000o\000d\000e\000l\000\040\000S\000u\000m\000m\000a\000r\000y}{}% 87
